

================================================================
== Vivado HLS Report for 'pool_layer1'
================================================================
* Date:           Sun Feb 21 01:45:25 2021

* Version:        2018.2 (Build 2258646 on Thu Jun 14 20:25:20 MDT 2018)
* Project:        nnet_stream
* Solution:       solution1
* Product family: zynq
* Target device:  xc7z010clg400-1


================================================================
== Performance Estimates
================================================================
+ Timing (ns): 
    * Summary: 
    +--------+-------+----------+------------+
    |  Clock | Target| Estimated| Uncertainty|
    +--------+-------+----------+------------+
    |ap_clk  |  13.00|    10.067|        1.62|
    +--------+-------+----------+------------+

+ Latency (clock cycles): 
    * Summary: 
    +------+------+------+------+---------+
    |   Latency   |   Interval  | Pipeline|
    |  min |  max |  min |  max |   Type  |
    +------+------+------+------+---------+
    |  6728|  6728|  6728|  6728|   none  |
    +------+------+------+------+---------+

    + Detail: 
        * Instance: 
        N/A

        * Loop: 
        +----------+------+------+----------+-----------+-----------+------+----------+
        |          |   Latency   | Iteration|  Initiation Interval  | Trip |          |
        | Loop Name|  min |  max |  Latency |  achieved |   target  | Count| Pipelined|
        +----------+------+------+----------+-----------+-----------+------+----------+
        |- Loop 1  |  6496|  6496|       464|          -|          -|    14|    no    |
        +----------+------+------+----------+-----------+-----------+------+----------+



================================================================
== Utilization Estimates
================================================================
* Summary: 
+-----------------+---------+-------+-------+-------+
|       Name      | BRAM_18K| DSP48E|   FF  |  LUT  |
+-----------------+---------+-------+-------+-------+
|DSP              |        -|      -|      -|      -|
|Expression       |        -|      -|      0|   4436|
|FIFO             |        -|      -|      -|      -|
|Instance         |        -|      -|      -|      -|
|Memory           |        -|      -|      -|      -|
|Multiplexer      |        -|      -|      -|   3161|
|Register         |        -|      -|   2177|      -|
+-----------------+---------+-------+-------+-------+
|Total            |        0|      0|   2177|   7597|
+-----------------+---------+-------+-------+-------+
|Available        |      120|     80|  35200|  17600|
+-----------------+---------+-------+-------+-------+
|Utilization (%)  |        0|      0|      6|     43|
+-----------------+---------+-------+-------+-------+

+ Detail: 
    * Instance: 
    N/A

    * DSP48: 
    N/A

    * Memory: 
    N/A

    * FIFO: 
    N/A

    * Expression: 
    +----------------------------------+----------+-------+---+----+------------+------------+
    |           Variable Name          | Operation| DSP48E| FF| LUT| Bitwidth P0| Bitwidth P1|
    +----------------------------------+----------+-------+---+----+------------+------------+
    |i_1_fu_682_p2                     |     +    |      0|  0|  13|           4|           1|
    |exitcond8_fu_676_p2               |   icmp   |      0|  0|   9|           4|           3|
    |grp_fu_564_p2                     |   icmp   |      0|  0|  11|           8|           8|
    |grp_fu_578_p2                     |   icmp   |      0|  0|  11|           8|           8|
    |grp_fu_592_p2                     |   icmp   |      0|  0|  11|           8|           8|
    |grp_fu_606_p2                     |   icmp   |      0|  0|  11|           8|           8|
    |grp_fu_620_p2                     |   icmp   |      0|  0|  11|           8|           8|
    |grp_fu_634_p2                     |   icmp   |      0|  0|  11|           8|           8|
    |grp_fu_648_p2                     |   icmp   |      0|  0|  11|           8|           8|
    |grp_fu_662_p2                     |   icmp   |      0|  0|  11|           8|           8|
    |tmp_22_1_0_0_1_fu_1020_p2         |   icmp   |      0|  0|  11|           8|           8|
    |tmp_22_1_0_0_2_fu_1032_p2         |   icmp   |      0|  0|  11|           8|           8|
    |tmp_22_1_0_0_3_fu_1044_p2         |   icmp   |      0|  0|  11|           8|           8|
    |tmp_22_1_0_0_4_fu_1056_p2         |   icmp   |      0|  0|  11|           8|           8|
    |tmp_22_1_0_0_5_fu_1068_p2         |   icmp   |      0|  0|  11|           8|           8|
    |tmp_22_1_0_0_6_fu_1080_p2         |   icmp   |      0|  0|  11|           8|           8|
    |tmp_22_1_0_0_7_fu_1092_p2         |   icmp   |      0|  0|  11|           8|           8|
    |tmp_22_1_0_1_1_fu_1122_p2         |   icmp   |      0|  0|  11|           8|           8|
    |tmp_22_1_0_1_2_fu_1140_p2         |   icmp   |      0|  0|  11|           8|           8|
    |tmp_22_1_0_1_3_fu_1158_p2         |   icmp   |      0|  0|  11|           8|           8|
    |tmp_22_1_0_1_4_fu_1176_p2         |   icmp   |      0|  0|  11|           8|           8|
    |tmp_22_1_0_1_5_fu_1194_p2         |   icmp   |      0|  0|  11|           8|           8|
    |tmp_22_1_0_1_6_fu_1212_p2         |   icmp   |      0|  0|  11|           8|           8|
    |tmp_22_1_0_1_7_fu_1230_p2         |   icmp   |      0|  0|  11|           8|           8|
    |tmp_22_1_0_1_fu_1104_p2           |   icmp   |      0|  0|  11|           8|           8|
    |tmp_22_1_10_0_1_fu_3560_p2        |   icmp   |      0|  0|  11|           8|           8|
    |tmp_22_1_10_0_2_fu_3597_p2        |   icmp   |      0|  0|  11|           8|           8|
    |tmp_22_1_10_0_3_fu_3634_p2        |   icmp   |      0|  0|  11|           8|           8|
    |tmp_22_1_10_0_4_fu_3671_p2        |   icmp   |      0|  0|  11|           8|           8|
    |tmp_22_1_10_0_5_fu_3708_p2        |   icmp   |      0|  0|  11|           8|           8|
    |tmp_22_1_10_0_6_fu_3745_p2        |   icmp   |      0|  0|  11|           8|           8|
    |tmp_22_1_10_0_7_fu_3782_p2        |   icmp   |      0|  0|  11|           8|           8|
    |tmp_22_1_10_1_1_fu_3574_p2        |   icmp   |      0|  0|  11|           8|           8|
    |tmp_22_1_10_1_2_fu_3611_p2        |   icmp   |      0|  0|  11|           8|           8|
    |tmp_22_1_10_1_3_fu_3648_p2        |   icmp   |      0|  0|  11|           8|           8|
    |tmp_22_1_10_1_4_fu_3685_p2        |   icmp   |      0|  0|  11|           8|           8|
    |tmp_22_1_10_1_5_fu_3722_p2        |   icmp   |      0|  0|  11|           8|           8|
    |tmp_22_1_10_1_6_fu_3759_p2        |   icmp   |      0|  0|  11|           8|           8|
    |tmp_22_1_10_1_7_fu_3796_p2        |   icmp   |      0|  0|  11|           8|           8|
    |tmp_22_1_10_1_fu_3537_p2          |   icmp   |      0|  0|  11|           8|           8|
    |tmp_22_1_10_fu_3819_p2            |   icmp   |      0|  0|  11|           8|           8|
    |tmp_22_1_11_0_1_fu_3856_p2        |   icmp   |      0|  0|  11|           8|           8|
    |tmp_22_1_11_0_2_fu_3893_p2        |   icmp   |      0|  0|  11|           8|           8|
    |tmp_22_1_11_0_3_fu_3930_p2        |   icmp   |      0|  0|  11|           8|           8|
    |tmp_22_1_11_0_4_fu_3967_p2        |   icmp   |      0|  0|  11|           8|           8|
    |tmp_22_1_11_0_5_fu_4004_p2        |   icmp   |      0|  0|  11|           8|           8|
    |tmp_22_1_11_0_6_fu_4041_p2        |   icmp   |      0|  0|  11|           8|           8|
    |tmp_22_1_11_0_7_fu_4078_p2        |   icmp   |      0|  0|  11|           8|           8|
    |tmp_22_1_11_1_1_fu_3870_p2        |   icmp   |      0|  0|  11|           8|           8|
    |tmp_22_1_11_1_2_fu_3907_p2        |   icmp   |      0|  0|  11|           8|           8|
    |tmp_22_1_11_1_3_fu_3944_p2        |   icmp   |      0|  0|  11|           8|           8|
    |tmp_22_1_11_1_4_fu_3981_p2        |   icmp   |      0|  0|  11|           8|           8|
    |tmp_22_1_11_1_5_fu_4018_p2        |   icmp   |      0|  0|  11|           8|           8|
    |tmp_22_1_11_1_6_fu_4055_p2        |   icmp   |      0|  0|  11|           8|           8|
    |tmp_22_1_11_1_7_fu_4092_p2        |   icmp   |      0|  0|  11|           8|           8|
    |tmp_22_1_11_1_fu_3833_p2          |   icmp   |      0|  0|  11|           8|           8|
    |tmp_22_1_11_fu_4115_p2            |   icmp   |      0|  0|  11|           8|           8|
    |tmp_22_1_12_0_1_fu_4152_p2        |   icmp   |      0|  0|  11|           8|           8|
    |tmp_22_1_12_0_2_fu_4189_p2        |   icmp   |      0|  0|  11|           8|           8|
    |tmp_22_1_12_0_3_fu_4226_p2        |   icmp   |      0|  0|  11|           8|           8|
    |tmp_22_1_12_0_4_fu_4263_p2        |   icmp   |      0|  0|  11|           8|           8|
    |tmp_22_1_12_0_5_fu_4300_p2        |   icmp   |      0|  0|  11|           8|           8|
    |tmp_22_1_12_0_6_fu_4337_p2        |   icmp   |      0|  0|  11|           8|           8|
    |tmp_22_1_12_0_7_fu_4374_p2        |   icmp   |      0|  0|  11|           8|           8|
    |tmp_22_1_12_1_1_fu_4166_p2        |   icmp   |      0|  0|  11|           8|           8|
    |tmp_22_1_12_1_2_fu_4203_p2        |   icmp   |      0|  0|  11|           8|           8|
    |tmp_22_1_12_1_3_fu_4240_p2        |   icmp   |      0|  0|  11|           8|           8|
    |tmp_22_1_12_1_4_fu_4277_p2        |   icmp   |      0|  0|  11|           8|           8|
    |tmp_22_1_12_1_5_fu_4314_p2        |   icmp   |      0|  0|  11|           8|           8|
    |tmp_22_1_12_1_6_fu_4351_p2        |   icmp   |      0|  0|  11|           8|           8|
    |tmp_22_1_12_1_7_fu_4388_p2        |   icmp   |      0|  0|  11|           8|           8|
    |tmp_22_1_12_1_fu_4129_p2          |   icmp   |      0|  0|  11|           8|           8|
    |tmp_22_1_12_fu_4411_p2            |   icmp   |      0|  0|  11|           8|           8|
    |tmp_22_1_13_0_1_fu_4448_p2        |   icmp   |      0|  0|  11|           8|           8|
    |tmp_22_1_13_0_2_fu_4485_p2        |   icmp   |      0|  0|  11|           8|           8|
    |tmp_22_1_13_0_3_fu_4522_p2        |   icmp   |      0|  0|  11|           8|           8|
    |tmp_22_1_13_0_4_fu_4559_p2        |   icmp   |      0|  0|  11|           8|           8|
    |tmp_22_1_13_0_5_fu_4596_p2        |   icmp   |      0|  0|  11|           8|           8|
    |tmp_22_1_13_0_6_fu_4633_p2        |   icmp   |      0|  0|  11|           8|           8|
    |tmp_22_1_13_0_7_fu_4670_p2        |   icmp   |      0|  0|  11|           8|           8|
    |tmp_22_1_13_1_1_fu_4462_p2        |   icmp   |      0|  0|  11|           8|           8|
    |tmp_22_1_13_1_2_fu_4499_p2        |   icmp   |      0|  0|  11|           8|           8|
    |tmp_22_1_13_1_3_fu_4536_p2        |   icmp   |      0|  0|  11|           8|           8|
    |tmp_22_1_13_1_4_fu_4573_p2        |   icmp   |      0|  0|  11|           8|           8|
    |tmp_22_1_13_1_5_fu_4610_p2        |   icmp   |      0|  0|  11|           8|           8|
    |tmp_22_1_13_1_6_fu_4647_p2        |   icmp   |      0|  0|  11|           8|           8|
    |tmp_22_1_13_1_7_fu_4684_p2        |   icmp   |      0|  0|  11|           8|           8|
    |tmp_22_1_13_1_fu_4425_p2          |   icmp   |      0|  0|  11|           8|           8|
    |tmp_22_1_1_0_1_fu_1260_p2         |   icmp   |      0|  0|  11|           8|           8|
    |tmp_22_1_1_0_2_fu_1272_p2         |   icmp   |      0|  0|  11|           8|           8|
    |tmp_22_1_1_0_3_fu_1284_p2         |   icmp   |      0|  0|  11|           8|           8|
    |tmp_22_1_1_0_4_fu_1296_p2         |   icmp   |      0|  0|  11|           8|           8|
    |tmp_22_1_1_0_5_fu_1308_p2         |   icmp   |      0|  0|  11|           8|           8|
    |tmp_22_1_1_0_6_fu_1320_p2         |   icmp   |      0|  0|  11|           8|           8|
    |tmp_22_1_1_0_7_fu_1332_p2         |   icmp   |      0|  0|  11|           8|           8|
    |tmp_22_1_1_1_1_fu_1362_p2         |   icmp   |      0|  0|  11|           8|           8|
    |tmp_22_1_1_1_2_fu_1380_p2         |   icmp   |      0|  0|  11|           8|           8|
    |tmp_22_1_1_1_3_fu_1398_p2         |   icmp   |      0|  0|  11|           8|           8|
    |tmp_22_1_1_1_4_fu_1416_p2         |   icmp   |      0|  0|  11|           8|           8|
    |tmp_22_1_1_1_5_fu_1434_p2         |   icmp   |      0|  0|  11|           8|           8|
    |tmp_22_1_1_1_6_fu_1452_p2         |   icmp   |      0|  0|  11|           8|           8|
    |tmp_22_1_1_1_7_fu_1470_p2         |   icmp   |      0|  0|  11|           8|           8|
    |tmp_22_1_1_1_fu_1344_p2           |   icmp   |      0|  0|  11|           8|           8|
    |tmp_22_1_1_fu_1248_p2             |   icmp   |      0|  0|  11|           8|           8|
    |tmp_22_1_2_0_1_fu_1500_p2         |   icmp   |      0|  0|  11|           8|           8|
    |tmp_22_1_2_0_2_fu_1512_p2         |   icmp   |      0|  0|  11|           8|           8|
    |tmp_22_1_2_0_3_fu_1524_p2         |   icmp   |      0|  0|  11|           8|           8|
    |tmp_22_1_2_0_4_fu_1536_p2         |   icmp   |      0|  0|  11|           8|           8|
    |tmp_22_1_2_0_5_fu_1548_p2         |   icmp   |      0|  0|  11|           8|           8|
    |tmp_22_1_2_0_6_fu_1560_p2         |   icmp   |      0|  0|  11|           8|           8|
    |tmp_22_1_2_0_7_fu_1572_p2         |   icmp   |      0|  0|  11|           8|           8|
    |tmp_22_1_2_1_1_fu_1602_p2         |   icmp   |      0|  0|  11|           8|           8|
    |tmp_22_1_2_1_2_fu_1620_p2         |   icmp   |      0|  0|  11|           8|           8|
    |tmp_22_1_2_1_3_fu_1638_p2         |   icmp   |      0|  0|  11|           8|           8|
    |tmp_22_1_2_1_4_fu_1656_p2         |   icmp   |      0|  0|  11|           8|           8|
    |tmp_22_1_2_1_5_fu_1674_p2         |   icmp   |      0|  0|  11|           8|           8|
    |tmp_22_1_2_1_6_fu_1692_p2         |   icmp   |      0|  0|  11|           8|           8|
    |tmp_22_1_2_1_7_fu_1710_p2         |   icmp   |      0|  0|  11|           8|           8|
    |tmp_22_1_2_1_fu_1584_p2           |   icmp   |      0|  0|  11|           8|           8|
    |tmp_22_1_2_fu_1488_p2             |   icmp   |      0|  0|  11|           8|           8|
    |tmp_22_1_3_0_1_fu_1740_p2         |   icmp   |      0|  0|  11|           8|           8|
    |tmp_22_1_3_0_2_fu_1752_p2         |   icmp   |      0|  0|  11|           8|           8|
    |tmp_22_1_3_0_3_fu_1764_p2         |   icmp   |      0|  0|  11|           8|           8|
    |tmp_22_1_3_0_4_fu_1776_p2         |   icmp   |      0|  0|  11|           8|           8|
    |tmp_22_1_3_0_5_fu_1788_p2         |   icmp   |      0|  0|  11|           8|           8|
    |tmp_22_1_3_0_6_fu_1800_p2         |   icmp   |      0|  0|  11|           8|           8|
    |tmp_22_1_3_0_7_fu_1812_p2         |   icmp   |      0|  0|  11|           8|           8|
    |tmp_22_1_3_1_1_fu_1842_p2         |   icmp   |      0|  0|  11|           8|           8|
    |tmp_22_1_3_1_2_fu_1860_p2         |   icmp   |      0|  0|  11|           8|           8|
    |tmp_22_1_3_1_3_fu_1878_p2         |   icmp   |      0|  0|  11|           8|           8|
    |tmp_22_1_3_1_4_fu_1896_p2         |   icmp   |      0|  0|  11|           8|           8|
    |tmp_22_1_3_1_5_fu_1914_p2         |   icmp   |      0|  0|  11|           8|           8|
    |tmp_22_1_3_1_6_fu_1932_p2         |   icmp   |      0|  0|  11|           8|           8|
    |tmp_22_1_3_1_7_fu_1950_p2         |   icmp   |      0|  0|  11|           8|           8|
    |tmp_22_1_3_1_fu_1824_p2           |   icmp   |      0|  0|  11|           8|           8|
    |tmp_22_1_3_fu_1728_p2             |   icmp   |      0|  0|  11|           8|           8|
    |tmp_22_1_4_0_1_fu_1980_p2         |   icmp   |      0|  0|  11|           8|           8|
    |tmp_22_1_4_0_2_fu_1992_p2         |   icmp   |      0|  0|  11|           8|           8|
    |tmp_22_1_4_0_3_fu_2004_p2         |   icmp   |      0|  0|  11|           8|           8|
    |tmp_22_1_4_0_4_fu_2016_p2         |   icmp   |      0|  0|  11|           8|           8|
    |tmp_22_1_4_0_5_fu_2028_p2         |   icmp   |      0|  0|  11|           8|           8|
    |tmp_22_1_4_0_6_fu_2040_p2         |   icmp   |      0|  0|  11|           8|           8|
    |tmp_22_1_4_0_7_fu_2052_p2         |   icmp   |      0|  0|  11|           8|           8|
    |tmp_22_1_4_1_1_fu_2082_p2         |   icmp   |      0|  0|  11|           8|           8|
    |tmp_22_1_4_1_2_fu_2100_p2         |   icmp   |      0|  0|  11|           8|           8|
    |tmp_22_1_4_1_3_fu_2118_p2         |   icmp   |      0|  0|  11|           8|           8|
    |tmp_22_1_4_1_4_fu_2136_p2         |   icmp   |      0|  0|  11|           8|           8|
    |tmp_22_1_4_1_5_fu_2154_p2         |   icmp   |      0|  0|  11|           8|           8|
    |tmp_22_1_4_1_6_fu_2172_p2         |   icmp   |      0|  0|  11|           8|           8|
    |tmp_22_1_4_1_7_fu_2190_p2         |   icmp   |      0|  0|  11|           8|           8|
    |tmp_22_1_4_1_fu_2064_p2           |   icmp   |      0|  0|  11|           8|           8|
    |tmp_22_1_4_fu_1968_p2             |   icmp   |      0|  0|  11|           8|           8|
    |tmp_22_1_5_0_1_fu_2220_p2         |   icmp   |      0|  0|  11|           8|           8|
    |tmp_22_1_5_0_2_fu_2232_p2         |   icmp   |      0|  0|  11|           8|           8|
    |tmp_22_1_5_0_3_fu_2244_p2         |   icmp   |      0|  0|  11|           8|           8|
    |tmp_22_1_5_0_4_fu_2256_p2         |   icmp   |      0|  0|  11|           8|           8|
    |tmp_22_1_5_0_5_fu_2268_p2         |   icmp   |      0|  0|  11|           8|           8|
    |tmp_22_1_5_0_6_fu_2280_p2         |   icmp   |      0|  0|  11|           8|           8|
    |tmp_22_1_5_0_7_fu_2292_p2         |   icmp   |      0|  0|  11|           8|           8|
    |tmp_22_1_5_1_1_fu_2322_p2         |   icmp   |      0|  0|  11|           8|           8|
    |tmp_22_1_5_1_2_fu_2340_p2         |   icmp   |      0|  0|  11|           8|           8|
    |tmp_22_1_5_1_3_fu_2358_p2         |   icmp   |      0|  0|  11|           8|           8|
    |tmp_22_1_5_1_4_fu_2376_p2         |   icmp   |      0|  0|  11|           8|           8|
    |tmp_22_1_5_1_5_fu_2394_p2         |   icmp   |      0|  0|  11|           8|           8|
    |tmp_22_1_5_1_6_fu_2412_p2         |   icmp   |      0|  0|  11|           8|           8|
    |tmp_22_1_5_1_7_fu_2430_p2         |   icmp   |      0|  0|  11|           8|           8|
    |tmp_22_1_5_1_fu_2304_p2           |   icmp   |      0|  0|  11|           8|           8|
    |tmp_22_1_5_fu_2208_p2             |   icmp   |      0|  0|  11|           8|           8|
    |tmp_22_1_6_0_1_fu_2460_p2         |   icmp   |      0|  0|  11|           8|           8|
    |tmp_22_1_6_0_2_fu_2472_p2         |   icmp   |      0|  0|  11|           8|           8|
    |tmp_22_1_6_0_3_fu_2484_p2         |   icmp   |      0|  0|  11|           8|           8|
    |tmp_22_1_6_0_4_fu_2496_p2         |   icmp   |      0|  0|  11|           8|           8|
    |tmp_22_1_6_0_5_fu_2508_p2         |   icmp   |      0|  0|  11|           8|           8|
    |tmp_22_1_6_0_6_fu_2520_p2         |   icmp   |      0|  0|  11|           8|           8|
    |tmp_22_1_6_0_7_fu_2532_p2         |   icmp   |      0|  0|  11|           8|           8|
    |tmp_22_1_6_1_1_fu_2562_p2         |   icmp   |      0|  0|  11|           8|           8|
    |tmp_22_1_6_1_2_fu_2580_p2         |   icmp   |      0|  0|  11|           8|           8|
    |tmp_22_1_6_1_3_fu_2598_p2         |   icmp   |      0|  0|  11|           8|           8|
    |tmp_22_1_6_1_4_fu_2616_p2         |   icmp   |      0|  0|  11|           8|           8|
    |tmp_22_1_6_1_5_fu_2634_p2         |   icmp   |      0|  0|  11|           8|           8|
    |tmp_22_1_6_1_6_fu_2652_p2         |   icmp   |      0|  0|  11|           8|           8|
    |tmp_22_1_6_1_7_fu_2670_p2         |   icmp   |      0|  0|  11|           8|           8|
    |tmp_22_1_6_1_fu_2544_p2           |   icmp   |      0|  0|  11|           8|           8|
    |tmp_22_1_6_fu_2448_p2             |   icmp   |      0|  0|  11|           8|           8|
    |tmp_22_1_7_0_1_fu_2700_p2         |   icmp   |      0|  0|  11|           8|           8|
    |tmp_22_1_7_0_2_fu_2712_p2         |   icmp   |      0|  0|  11|           8|           8|
    |tmp_22_1_7_0_3_fu_2724_p2         |   icmp   |      0|  0|  11|           8|           8|
    |tmp_22_1_7_0_4_fu_2736_p2         |   icmp   |      0|  0|  11|           8|           8|
    |tmp_22_1_7_0_5_fu_2748_p2         |   icmp   |      0|  0|  11|           8|           8|
    |tmp_22_1_7_0_6_fu_2760_p2         |   icmp   |      0|  0|  11|           8|           8|
    |tmp_22_1_7_0_7_fu_2772_p2         |   icmp   |      0|  0|  11|           8|           8|
    |tmp_22_1_7_1_1_fu_2802_p2         |   icmp   |      0|  0|  11|           8|           8|
    |tmp_22_1_7_1_2_fu_2820_p2         |   icmp   |      0|  0|  11|           8|           8|
    |tmp_22_1_7_1_3_fu_2838_p2         |   icmp   |      0|  0|  11|           8|           8|
    |tmp_22_1_7_1_4_fu_2856_p2         |   icmp   |      0|  0|  11|           8|           8|
    |tmp_22_1_7_1_5_fu_2874_p2         |   icmp   |      0|  0|  11|           8|           8|
    |tmp_22_1_7_1_6_fu_2892_p2         |   icmp   |      0|  0|  11|           8|           8|
    |tmp_22_1_7_1_7_fu_2910_p2         |   icmp   |      0|  0|  11|           8|           8|
    |tmp_22_1_7_1_fu_2784_p2           |   icmp   |      0|  0|  11|           8|           8|
    |tmp_22_1_7_fu_2688_p2             |   icmp   |      0|  0|  11|           8|           8|
    |tmp_22_1_8_0_1_fu_2968_p2         |   icmp   |      0|  0|  11|           8|           8|
    |tmp_22_1_8_0_2_fu_3005_p2         |   icmp   |      0|  0|  11|           8|           8|
    |tmp_22_1_8_0_3_fu_3042_p2         |   icmp   |      0|  0|  11|           8|           8|
    |tmp_22_1_8_0_4_fu_3079_p2         |   icmp   |      0|  0|  11|           8|           8|
    |tmp_22_1_8_0_5_fu_3116_p2         |   icmp   |      0|  0|  11|           8|           8|
    |tmp_22_1_8_0_6_fu_3153_p2         |   icmp   |      0|  0|  11|           8|           8|
    |tmp_22_1_8_0_7_fu_3190_p2         |   icmp   |      0|  0|  11|           8|           8|
    |tmp_22_1_8_1_1_fu_2982_p2         |   icmp   |      0|  0|  11|           8|           8|
    |tmp_22_1_8_1_2_fu_3019_p2         |   icmp   |      0|  0|  11|           8|           8|
    |tmp_22_1_8_1_3_fu_3056_p2         |   icmp   |      0|  0|  11|           8|           8|
    |tmp_22_1_8_1_4_fu_3093_p2         |   icmp   |      0|  0|  11|           8|           8|
    |tmp_22_1_8_1_5_fu_3130_p2         |   icmp   |      0|  0|  11|           8|           8|
    |tmp_22_1_8_1_6_fu_3167_p2         |   icmp   |      0|  0|  11|           8|           8|
    |tmp_22_1_8_1_7_fu_3204_p2         |   icmp   |      0|  0|  11|           8|           8|
    |tmp_22_1_8_1_fu_2945_p2           |   icmp   |      0|  0|  11|           8|           8|
    |tmp_22_1_8_fu_2931_p2             |   icmp   |      0|  0|  11|           8|           8|
    |tmp_22_1_9_0_1_fu_3264_p2         |   icmp   |      0|  0|  11|           8|           8|
    |tmp_22_1_9_0_2_fu_3301_p2         |   icmp   |      0|  0|  11|           8|           8|
    |tmp_22_1_9_0_3_fu_3338_p2         |   icmp   |      0|  0|  11|           8|           8|
    |tmp_22_1_9_0_4_fu_3375_p2         |   icmp   |      0|  0|  11|           8|           8|
    |tmp_22_1_9_0_5_fu_3412_p2         |   icmp   |      0|  0|  11|           8|           8|
    |tmp_22_1_9_0_6_fu_3449_p2         |   icmp   |      0|  0|  11|           8|           8|
    |tmp_22_1_9_0_7_fu_3486_p2         |   icmp   |      0|  0|  11|           8|           8|
    |tmp_22_1_9_1_1_fu_3278_p2         |   icmp   |      0|  0|  11|           8|           8|
    |tmp_22_1_9_1_2_fu_3315_p2         |   icmp   |      0|  0|  11|           8|           8|
    |tmp_22_1_9_1_3_fu_3352_p2         |   icmp   |      0|  0|  11|           8|           8|
    |tmp_22_1_9_1_4_fu_3389_p2         |   icmp   |      0|  0|  11|           8|           8|
    |tmp_22_1_9_1_5_fu_3426_p2         |   icmp   |      0|  0|  11|           8|           8|
    |tmp_22_1_9_1_6_fu_3463_p2         |   icmp   |      0|  0|  11|           8|           8|
    |tmp_22_1_9_1_7_fu_3500_p2         |   icmp   |      0|  0|  11|           8|           8|
    |tmp_22_1_9_1_fu_3241_p2           |   icmp   |      0|  0|  11|           8|           8|
    |tmp_22_1_9_fu_3227_p2             |   icmp   |      0|  0|  11|           8|           8|
    |tmp_22_1_fu_1008_p2               |   icmp   |      0|  0|  11|           8|           8|
    |tmp_22_1_s_fu_3523_p2             |   icmp   |      0|  0|  11|           8|           8|
    |ap_block_state1                   |    or    |      0|  0|   2|           1|           1|
    |ap_block_state2                   |    or    |      0|  0|   2|           1|           1|
    |ap_block_state242                 |    or    |      0|  0|   2|           1|           1|
    |grp_fu_570_p3                     |  select  |      0|  0|   8|           1|           8|
    |grp_fu_584_p3                     |  select  |      0|  0|   8|           1|           8|
    |grp_fu_598_p3                     |  select  |      0|  0|   8|           1|           8|
    |grp_fu_612_p3                     |  select  |      0|  0|   8|           1|           8|
    |grp_fu_626_p3                     |  select  |      0|  0|   8|           1|           8|
    |grp_fu_640_p3                     |  select  |      0|  0|   8|           1|           8|
    |grp_fu_654_p3                     |  select  |      0|  0|   8|           1|           8|
    |grp_fu_668_p3                     |  select  |      0|  0|   8|           1|           8|
    |pool_buff_val_0_V_0_4_fu_1013_p3  |  select  |      0|  0|   8|           1|           8|
    |pool_buff_val_0_V_0_5_fu_1109_p3  |  select  |      0|  0|   8|           1|           8|
    |pool_buff_val_100_V_3_fu_4269_p3  |  select  |      0|  0|   8|           1|           8|
    |pool_buff_val_100_V_4_fu_4283_p3  |  select  |      0|  0|   8|           1|           8|
    |pool_buff_val_101_V_3_fu_4306_p3  |  select  |      0|  0|   8|           1|           8|
    |pool_buff_val_101_V_4_fu_4320_p3  |  select  |      0|  0|   8|           1|           8|
    |pool_buff_val_102_V_3_fu_4343_p3  |  select  |      0|  0|   8|           1|           8|
    |pool_buff_val_102_V_4_fu_4357_p3  |  select  |      0|  0|   8|           1|           8|
    |pool_buff_val_103_V_3_fu_4380_p3  |  select  |      0|  0|   8|           1|           8|
    |pool_buff_val_103_V_4_fu_4394_p3  |  select  |      0|  0|   8|           1|           8|
    |pool_buff_val_104_V_3_fu_4417_p3  |  select  |      0|  0|   8|           1|           8|
    |pool_buff_val_104_V_4_fu_4431_p3  |  select  |      0|  0|   8|           1|           8|
    |pool_buff_val_105_V_3_fu_4454_p3  |  select  |      0|  0|   8|           1|           8|
    |pool_buff_val_105_V_4_fu_4468_p3  |  select  |      0|  0|   8|           1|           8|
    |pool_buff_val_106_V_3_fu_4491_p3  |  select  |      0|  0|   8|           1|           8|
    |pool_buff_val_106_V_4_fu_4505_p3  |  select  |      0|  0|   8|           1|           8|
    |pool_buff_val_107_V_3_fu_4528_p3  |  select  |      0|  0|   8|           1|           8|
    |pool_buff_val_107_V_4_fu_4542_p3  |  select  |      0|  0|   8|           1|           8|
    |pool_buff_val_108_V_3_fu_4565_p3  |  select  |      0|  0|   8|           1|           8|
    |pool_buff_val_108_V_4_fu_4579_p3  |  select  |      0|  0|   8|           1|           8|
    |pool_buff_val_109_V_3_fu_4602_p3  |  select  |      0|  0|   8|           1|           8|
    |pool_buff_val_109_V_4_fu_4616_p3  |  select  |      0|  0|   8|           1|           8|
    |pool_buff_val_10_V_5_fu_1277_p3   |  select  |      0|  0|   8|           1|           8|
    |pool_buff_val_10_V_6_fu_1385_p3   |  select  |      0|  0|   8|           1|           8|
    |pool_buff_val_110_V_3_fu_4639_p3  |  select  |      0|  0|   8|           1|           8|
    |pool_buff_val_110_V_4_fu_4653_p3  |  select  |      0|  0|   8|           1|           8|
    |pool_buff_val_111_V_3_fu_4676_p3  |  select  |      0|  0|   8|           1|           8|
    |pool_buff_val_111_V_4_fu_4690_p3  |  select  |      0|  0|   8|           1|           8|
    |pool_buff_val_11_V_5_fu_1289_p3   |  select  |      0|  0|   8|           1|           8|
    |pool_buff_val_11_V_6_fu_1403_p3   |  select  |      0|  0|   8|           1|           8|
    |pool_buff_val_12_V_5_fu_1301_p3   |  select  |      0|  0|   8|           1|           8|
    |pool_buff_val_12_V_6_fu_1421_p3   |  select  |      0|  0|   8|           1|           8|
    |pool_buff_val_13_V_5_fu_1313_p3   |  select  |      0|  0|   8|           1|           8|
    |pool_buff_val_13_V_6_fu_1439_p3   |  select  |      0|  0|   8|           1|           8|
    |pool_buff_val_14_V_5_fu_1325_p3   |  select  |      0|  0|   8|           1|           8|
    |pool_buff_val_14_V_6_fu_1457_p3   |  select  |      0|  0|   8|           1|           8|
    |pool_buff_val_15_V_5_fu_1337_p3   |  select  |      0|  0|   8|           1|           8|
    |pool_buff_val_15_V_6_fu_1475_p3   |  select  |      0|  0|   8|           1|           8|
    |pool_buff_val_16_V_5_fu_1493_p3   |  select  |      0|  0|   8|           1|           8|
    |pool_buff_val_16_V_6_fu_1589_p3   |  select  |      0|  0|   8|           1|           8|
    |pool_buff_val_17_V_5_fu_1505_p3   |  select  |      0|  0|   8|           1|           8|
    |pool_buff_val_17_V_6_fu_1607_p3   |  select  |      0|  0|   8|           1|           8|
    |pool_buff_val_18_V_5_fu_1517_p3   |  select  |      0|  0|   8|           1|           8|
    |pool_buff_val_18_V_6_fu_1625_p3   |  select  |      0|  0|   8|           1|           8|
    |pool_buff_val_19_V_5_fu_1529_p3   |  select  |      0|  0|   8|           1|           8|
    |pool_buff_val_19_V_6_fu_1643_p3   |  select  |      0|  0|   8|           1|           8|
    |pool_buff_val_1_V_0_5_fu_1025_p3  |  select  |      0|  0|   8|           1|           8|
    |pool_buff_val_1_V_0_6_fu_1127_p3  |  select  |      0|  0|   8|           1|           8|
    |pool_buff_val_20_V_5_fu_1541_p3   |  select  |      0|  0|   8|           1|           8|
    |pool_buff_val_20_V_6_fu_1661_p3   |  select  |      0|  0|   8|           1|           8|
    |pool_buff_val_21_V_5_fu_1553_p3   |  select  |      0|  0|   8|           1|           8|
    |pool_buff_val_21_V_6_fu_1679_p3   |  select  |      0|  0|   8|           1|           8|
    |pool_buff_val_22_V_5_fu_1565_p3   |  select  |      0|  0|   8|           1|           8|
    |pool_buff_val_22_V_6_fu_1697_p3   |  select  |      0|  0|   8|           1|           8|
    |pool_buff_val_23_V_5_fu_1577_p3   |  select  |      0|  0|   8|           1|           8|
    |pool_buff_val_23_V_6_fu_1715_p3   |  select  |      0|  0|   8|           1|           8|
    |pool_buff_val_24_V_5_fu_1733_p3   |  select  |      0|  0|   8|           1|           8|
    |pool_buff_val_24_V_6_fu_1829_p3   |  select  |      0|  0|   8|           1|           8|
    |pool_buff_val_25_V_5_fu_1745_p3   |  select  |      0|  0|   8|           1|           8|
    |pool_buff_val_25_V_6_fu_1847_p3   |  select  |      0|  0|   8|           1|           8|
    |pool_buff_val_26_V_5_fu_1757_p3   |  select  |      0|  0|   8|           1|           8|
    |pool_buff_val_26_V_6_fu_1865_p3   |  select  |      0|  0|   8|           1|           8|
    |pool_buff_val_27_V_5_fu_1769_p3   |  select  |      0|  0|   8|           1|           8|
    |pool_buff_val_27_V_6_fu_1883_p3   |  select  |      0|  0|   8|           1|           8|
    |pool_buff_val_28_V_5_fu_1781_p3   |  select  |      0|  0|   8|           1|           8|
    |pool_buff_val_28_V_6_fu_1901_p3   |  select  |      0|  0|   8|           1|           8|
    |pool_buff_val_29_V_5_fu_1793_p3   |  select  |      0|  0|   8|           1|           8|
    |pool_buff_val_29_V_6_fu_1919_p3   |  select  |      0|  0|   8|           1|           8|
    |pool_buff_val_2_V_0_5_fu_1037_p3  |  select  |      0|  0|   8|           1|           8|
    |pool_buff_val_2_V_0_6_fu_1145_p3  |  select  |      0|  0|   8|           1|           8|
    |pool_buff_val_30_V_5_fu_1805_p3   |  select  |      0|  0|   8|           1|           8|
    |pool_buff_val_30_V_6_fu_1937_p3   |  select  |      0|  0|   8|           1|           8|
    |pool_buff_val_31_V_5_fu_1817_p3   |  select  |      0|  0|   8|           1|           8|
    |pool_buff_val_31_V_6_fu_1955_p3   |  select  |      0|  0|   8|           1|           8|
    |pool_buff_val_32_V_5_fu_1973_p3   |  select  |      0|  0|   8|           1|           8|
    |pool_buff_val_32_V_6_fu_2069_p3   |  select  |      0|  0|   8|           1|           8|
    |pool_buff_val_33_V_5_fu_1985_p3   |  select  |      0|  0|   8|           1|           8|
    |pool_buff_val_33_V_6_fu_2087_p3   |  select  |      0|  0|   8|           1|           8|
    |pool_buff_val_34_V_5_fu_1997_p3   |  select  |      0|  0|   8|           1|           8|
    |pool_buff_val_34_V_6_fu_2105_p3   |  select  |      0|  0|   8|           1|           8|
    |pool_buff_val_35_V_5_fu_2009_p3   |  select  |      0|  0|   8|           1|           8|
    |pool_buff_val_35_V_6_fu_2123_p3   |  select  |      0|  0|   8|           1|           8|
    |pool_buff_val_36_V_5_fu_2021_p3   |  select  |      0|  0|   8|           1|           8|
    |pool_buff_val_36_V_6_fu_2141_p3   |  select  |      0|  0|   8|           1|           8|
    |pool_buff_val_37_V_5_fu_2033_p3   |  select  |      0|  0|   8|           1|           8|
    |pool_buff_val_37_V_6_fu_2159_p3   |  select  |      0|  0|   8|           1|           8|
    |pool_buff_val_38_V_5_fu_2045_p3   |  select  |      0|  0|   8|           1|           8|
    |pool_buff_val_38_V_6_fu_2177_p3   |  select  |      0|  0|   8|           1|           8|
    |pool_buff_val_39_V_5_fu_2057_p3   |  select  |      0|  0|   8|           1|           8|
    |pool_buff_val_39_V_6_fu_2195_p3   |  select  |      0|  0|   8|           1|           8|
    |pool_buff_val_3_V_0_5_fu_1049_p3  |  select  |      0|  0|   8|           1|           8|
    |pool_buff_val_3_V_0_6_fu_1163_p3  |  select  |      0|  0|   8|           1|           8|
    |pool_buff_val_40_V_5_fu_2213_p3   |  select  |      0|  0|   8|           1|           8|
    |pool_buff_val_40_V_6_fu_2309_p3   |  select  |      0|  0|   8|           1|           8|
    |pool_buff_val_41_V_5_fu_2225_p3   |  select  |      0|  0|   8|           1|           8|
    |pool_buff_val_41_V_6_fu_2327_p3   |  select  |      0|  0|   8|           1|           8|
    |pool_buff_val_42_V_5_fu_2237_p3   |  select  |      0|  0|   8|           1|           8|
    |pool_buff_val_42_V_6_fu_2345_p3   |  select  |      0|  0|   8|           1|           8|
    |pool_buff_val_43_V_5_fu_2249_p3   |  select  |      0|  0|   8|           1|           8|
    |pool_buff_val_43_V_6_fu_2363_p3   |  select  |      0|  0|   8|           1|           8|
    |pool_buff_val_44_V_5_fu_2261_p3   |  select  |      0|  0|   8|           1|           8|
    |pool_buff_val_44_V_6_fu_2381_p3   |  select  |      0|  0|   8|           1|           8|
    |pool_buff_val_45_V_5_fu_2273_p3   |  select  |      0|  0|   8|           1|           8|
    |pool_buff_val_45_V_6_fu_2399_p3   |  select  |      0|  0|   8|           1|           8|
    |pool_buff_val_46_V_5_fu_2285_p3   |  select  |      0|  0|   8|           1|           8|
    |pool_buff_val_46_V_6_fu_2417_p3   |  select  |      0|  0|   8|           1|           8|
    |pool_buff_val_47_V_5_fu_2297_p3   |  select  |      0|  0|   8|           1|           8|
    |pool_buff_val_47_V_6_fu_2435_p3   |  select  |      0|  0|   8|           1|           8|
    |pool_buff_val_48_V_5_fu_2453_p3   |  select  |      0|  0|   8|           1|           8|
    |pool_buff_val_48_V_6_fu_2549_p3   |  select  |      0|  0|   8|           1|           8|
    |pool_buff_val_49_V_5_fu_2465_p3   |  select  |      0|  0|   8|           1|           8|
    |pool_buff_val_49_V_6_fu_2567_p3   |  select  |      0|  0|   8|           1|           8|
    |pool_buff_val_4_V_0_5_fu_1061_p3  |  select  |      0|  0|   8|           1|           8|
    |pool_buff_val_4_V_0_6_fu_1181_p3  |  select  |      0|  0|   8|           1|           8|
    |pool_buff_val_50_V_5_fu_2477_p3   |  select  |      0|  0|   8|           1|           8|
    |pool_buff_val_50_V_6_fu_2585_p3   |  select  |      0|  0|   8|           1|           8|
    |pool_buff_val_51_V_5_fu_2489_p3   |  select  |      0|  0|   8|           1|           8|
    |pool_buff_val_51_V_6_fu_2603_p3   |  select  |      0|  0|   8|           1|           8|
    |pool_buff_val_52_V_5_fu_2501_p3   |  select  |      0|  0|   8|           1|           8|
    |pool_buff_val_52_V_6_fu_2621_p3   |  select  |      0|  0|   8|           1|           8|
    |pool_buff_val_53_V_5_fu_2513_p3   |  select  |      0|  0|   8|           1|           8|
    |pool_buff_val_53_V_6_fu_2639_p3   |  select  |      0|  0|   8|           1|           8|
    |pool_buff_val_54_V_5_fu_2525_p3   |  select  |      0|  0|   8|           1|           8|
    |pool_buff_val_54_V_6_fu_2657_p3   |  select  |      0|  0|   8|           1|           8|
    |pool_buff_val_55_V_5_fu_2537_p3   |  select  |      0|  0|   8|           1|           8|
    |pool_buff_val_55_V_6_fu_2675_p3   |  select  |      0|  0|   8|           1|           8|
    |pool_buff_val_56_V_5_fu_2693_p3   |  select  |      0|  0|   8|           1|           8|
    |pool_buff_val_56_V_6_fu_2789_p3   |  select  |      0|  0|   8|           1|           8|
    |pool_buff_val_57_V_5_fu_2705_p3   |  select  |      0|  0|   8|           1|           8|
    |pool_buff_val_57_V_6_fu_2807_p3   |  select  |      0|  0|   8|           1|           8|
    |pool_buff_val_58_V_5_fu_2717_p3   |  select  |      0|  0|   8|           1|           8|
    |pool_buff_val_58_V_6_fu_2825_p3   |  select  |      0|  0|   8|           1|           8|
    |pool_buff_val_59_V_5_fu_2729_p3   |  select  |      0|  0|   8|           1|           8|
    |pool_buff_val_59_V_6_fu_2843_p3   |  select  |      0|  0|   8|           1|           8|
    |pool_buff_val_5_V_0_5_fu_1073_p3  |  select  |      0|  0|   8|           1|           8|
    |pool_buff_val_5_V_0_6_fu_1199_p3  |  select  |      0|  0|   8|           1|           8|
    |pool_buff_val_60_V_5_fu_2741_p3   |  select  |      0|  0|   8|           1|           8|
    |pool_buff_val_60_V_6_fu_2861_p3   |  select  |      0|  0|   8|           1|           8|
    |pool_buff_val_61_V_5_fu_2753_p3   |  select  |      0|  0|   8|           1|           8|
    |pool_buff_val_61_V_6_fu_2879_p3   |  select  |      0|  0|   8|           1|           8|
    |pool_buff_val_62_V_5_fu_2765_p3   |  select  |      0|  0|   8|           1|           8|
    |pool_buff_val_62_V_6_fu_2897_p3   |  select  |      0|  0|   8|           1|           8|
    |pool_buff_val_63_V_5_fu_2777_p3   |  select  |      0|  0|   8|           1|           8|
    |pool_buff_val_63_V_6_fu_2915_p3   |  select  |      0|  0|   8|           1|           8|
    |pool_buff_val_64_V_6_fu_2937_p3   |  select  |      0|  0|   8|           1|           8|
    |pool_buff_val_64_V_7_fu_2951_p3   |  select  |      0|  0|   8|           1|           8|
    |pool_buff_val_65_V_6_fu_2974_p3   |  select  |      0|  0|   8|           1|           8|
    |pool_buff_val_65_V_7_fu_2988_p3   |  select  |      0|  0|   8|           1|           8|
    |pool_buff_val_66_V_6_fu_3011_p3   |  select  |      0|  0|   8|           1|           8|
    |pool_buff_val_66_V_7_fu_3025_p3   |  select  |      0|  0|   8|           1|           8|
    |pool_buff_val_67_V_6_fu_3048_p3   |  select  |      0|  0|   8|           1|           8|
    |pool_buff_val_67_V_7_fu_3062_p3   |  select  |      0|  0|   8|           1|           8|
    |pool_buff_val_68_V_6_fu_3085_p3   |  select  |      0|  0|   8|           1|           8|
    |pool_buff_val_68_V_7_fu_3099_p3   |  select  |      0|  0|   8|           1|           8|
    |pool_buff_val_69_V_6_fu_3122_p3   |  select  |      0|  0|   8|           1|           8|
    |pool_buff_val_69_V_7_fu_3136_p3   |  select  |      0|  0|   8|           1|           8|
    |pool_buff_val_6_V_0_5_fu_1085_p3  |  select  |      0|  0|   8|           1|           8|
    |pool_buff_val_6_V_0_6_fu_1217_p3  |  select  |      0|  0|   8|           1|           8|
    |pool_buff_val_70_V_6_fu_3159_p3   |  select  |      0|  0|   8|           1|           8|
    |pool_buff_val_70_V_7_fu_3173_p3   |  select  |      0|  0|   8|           1|           8|
    |pool_buff_val_71_V_6_fu_3196_p3   |  select  |      0|  0|   8|           1|           8|
    |pool_buff_val_71_V_7_fu_3210_p3   |  select  |      0|  0|   8|           1|           8|
    |pool_buff_val_72_V_6_fu_3233_p3   |  select  |      0|  0|   8|           1|           8|
    |pool_buff_val_72_V_7_fu_3247_p3   |  select  |      0|  0|   8|           1|           8|
    |pool_buff_val_73_V_6_fu_3270_p3   |  select  |      0|  0|   8|           1|           8|
    |pool_buff_val_73_V_7_fu_3284_p3   |  select  |      0|  0|   8|           1|           8|
    |pool_buff_val_74_V_6_fu_3307_p3   |  select  |      0|  0|   8|           1|           8|
    |pool_buff_val_74_V_7_fu_3321_p3   |  select  |      0|  0|   8|           1|           8|
    |pool_buff_val_75_V_6_fu_3344_p3   |  select  |      0|  0|   8|           1|           8|
    |pool_buff_val_75_V_7_fu_3358_p3   |  select  |      0|  0|   8|           1|           8|
    |pool_buff_val_76_V_6_fu_3381_p3   |  select  |      0|  0|   8|           1|           8|
    |pool_buff_val_76_V_7_fu_3395_p3   |  select  |      0|  0|   8|           1|           8|
    |pool_buff_val_77_V_6_fu_3418_p3   |  select  |      0|  0|   8|           1|           8|
    |pool_buff_val_77_V_7_fu_3432_p3   |  select  |      0|  0|   8|           1|           8|
    |pool_buff_val_78_V_6_fu_3455_p3   |  select  |      0|  0|   8|           1|           8|
    |pool_buff_val_78_V_7_fu_3469_p3   |  select  |      0|  0|   8|           1|           8|
    |pool_buff_val_79_V_6_fu_3492_p3   |  select  |      0|  0|   8|           1|           8|
    |pool_buff_val_79_V_7_fu_3506_p3   |  select  |      0|  0|   8|           1|           8|
    |pool_buff_val_7_V_0_5_fu_1097_p3  |  select  |      0|  0|   8|           1|           8|
    |pool_buff_val_7_V_0_6_fu_1235_p3  |  select  |      0|  0|   8|           1|           8|
    |pool_buff_val_80_V_6_fu_3529_p3   |  select  |      0|  0|   8|           1|           8|
    |pool_buff_val_80_V_7_fu_3543_p3   |  select  |      0|  0|   8|           1|           8|
    |pool_buff_val_81_V_6_fu_3566_p3   |  select  |      0|  0|   8|           1|           8|
    |pool_buff_val_81_V_7_fu_3580_p3   |  select  |      0|  0|   8|           1|           8|
    |pool_buff_val_82_V_6_fu_3603_p3   |  select  |      0|  0|   8|           1|           8|
    |pool_buff_val_82_V_7_fu_3617_p3   |  select  |      0|  0|   8|           1|           8|
    |pool_buff_val_83_V_6_fu_3640_p3   |  select  |      0|  0|   8|           1|           8|
    |pool_buff_val_83_V_7_fu_3654_p3   |  select  |      0|  0|   8|           1|           8|
    |pool_buff_val_84_V_6_fu_3677_p3   |  select  |      0|  0|   8|           1|           8|
    |pool_buff_val_84_V_7_fu_3691_p3   |  select  |      0|  0|   8|           1|           8|
    |pool_buff_val_85_V_6_fu_3714_p3   |  select  |      0|  0|   8|           1|           8|
    |pool_buff_val_85_V_7_fu_3728_p3   |  select  |      0|  0|   8|           1|           8|
    |pool_buff_val_86_V_6_fu_3751_p3   |  select  |      0|  0|   8|           1|           8|
    |pool_buff_val_86_V_7_fu_3765_p3   |  select  |      0|  0|   8|           1|           8|
    |pool_buff_val_87_V_6_fu_3788_p3   |  select  |      0|  0|   8|           1|           8|
    |pool_buff_val_87_V_7_fu_3802_p3   |  select  |      0|  0|   8|           1|           8|
    |pool_buff_val_88_V_6_fu_3825_p3   |  select  |      0|  0|   8|           1|           8|
    |pool_buff_val_88_V_7_fu_3839_p3   |  select  |      0|  0|   8|           1|           8|
    |pool_buff_val_89_V_6_fu_3862_p3   |  select  |      0|  0|   8|           1|           8|
    |pool_buff_val_89_V_7_fu_3876_p3   |  select  |      0|  0|   8|           1|           8|
    |pool_buff_val_8_V_0_5_fu_1253_p3  |  select  |      0|  0|   8|           1|           8|
    |pool_buff_val_8_V_0_6_fu_1349_p3  |  select  |      0|  0|   8|           1|           8|
    |pool_buff_val_90_V_6_fu_3899_p3   |  select  |      0|  0|   8|           1|           8|
    |pool_buff_val_90_V_7_fu_3913_p3   |  select  |      0|  0|   8|           1|           8|
    |pool_buff_val_91_V_6_fu_3936_p3   |  select  |      0|  0|   8|           1|           8|
    |pool_buff_val_91_V_7_fu_3950_p3   |  select  |      0|  0|   8|           1|           8|
    |pool_buff_val_92_V_6_fu_3973_p3   |  select  |      0|  0|   8|           1|           8|
    |pool_buff_val_92_V_7_fu_3987_p3   |  select  |      0|  0|   8|           1|           8|
    |pool_buff_val_93_V_6_fu_4010_p3   |  select  |      0|  0|   8|           1|           8|
    |pool_buff_val_93_V_7_fu_4024_p3   |  select  |      0|  0|   8|           1|           8|
    |pool_buff_val_94_V_6_fu_4047_p3   |  select  |      0|  0|   8|           1|           8|
    |pool_buff_val_94_V_7_fu_4061_p3   |  select  |      0|  0|   8|           1|           8|
    |pool_buff_val_95_V_6_fu_4084_p3   |  select  |      0|  0|   8|           1|           8|
    |pool_buff_val_95_V_7_fu_4098_p3   |  select  |      0|  0|   8|           1|           8|
    |pool_buff_val_96_V_3_fu_4121_p3   |  select  |      0|  0|   8|           1|           8|
    |pool_buff_val_96_V_4_fu_4135_p3   |  select  |      0|  0|   8|           1|           8|
    |pool_buff_val_97_V_3_fu_4158_p3   |  select  |      0|  0|   8|           1|           8|
    |pool_buff_val_97_V_4_fu_4172_p3   |  select  |      0|  0|   8|           1|           8|
    |pool_buff_val_98_V_3_fu_4195_p3   |  select  |      0|  0|   8|           1|           8|
    |pool_buff_val_98_V_4_fu_4209_p3   |  select  |      0|  0|   8|           1|           8|
    |pool_buff_val_99_V_3_fu_4232_p3   |  select  |      0|  0|   8|           1|           8|
    |pool_buff_val_99_V_4_fu_4246_p3   |  select  |      0|  0|   8|           1|           8|
    |pool_buff_val_9_V_0_5_fu_1265_p3  |  select  |      0|  0|   8|           1|           8|
    |pool_buff_val_9_V_0_6_fu_1367_p3  |  select  |      0|  0|   8|           1|           8|
    +----------------------------------+----------+-------+---+----+------------+------------+
    |Total                             |          |      0|  0|4436|        2099|        3719|
    +----------------------------------+----------+-------+---+----+------------+------------+

    * Multiplexer: 
    +-----------------------------+------+-----------+-----+-----------+
    |             Name            |  LUT | Input Size| Bits| Total Bits|
    +-----------------------------+------+-----------+-----+-----------+
    |ap_NS_fsm                    |  2193|        697|    1|        697|
    |ap_done                      |     9|          2|    1|          2|
    |i_reg_521                    |     9|          2|    4|          8|
    |in_V_V_blk_n                 |     9|          2|    1|          2|
    |out_V_V_blk_n                |     9|          2|    1|          2|
    |out_V_V_din                  |   500|        113|    8|        904|
    |pool_buff_val_100_V_fu_460   |     9|          2|    8|         16|
    |pool_buff_val_101_V_fu_464   |     9|          2|    8|         16|
    |pool_buff_val_102_V_fu_468   |     9|          2|    8|         16|
    |pool_buff_val_103_V_fu_472   |     9|          2|    8|         16|
    |pool_buff_val_104_V_fu_476   |     9|          2|    8|         16|
    |pool_buff_val_105_V_fu_480   |     9|          2|    8|         16|
    |pool_buff_val_106_V_fu_484   |     9|          2|    8|         16|
    |pool_buff_val_107_V_fu_488   |     9|          2|    8|         16|
    |pool_buff_val_108_V_fu_492   |     9|          2|    8|         16|
    |pool_buff_val_109_V_fu_496   |     9|          2|    8|         16|
    |pool_buff_val_110_V_fu_500   |     9|          2|    8|         16|
    |pool_buff_val_111_V_fu_504   |     9|          2|    8|         16|
    |pool_buff_val_64_V_s_fu_316  |     9|          2|    8|         16|
    |pool_buff_val_65_V_s_fu_320  |     9|          2|    8|         16|
    |pool_buff_val_66_V_s_fu_324  |     9|          2|    8|         16|
    |pool_buff_val_67_V_s_fu_328  |     9|          2|    8|         16|
    |pool_buff_val_68_V_s_fu_332  |     9|          2|    8|         16|
    |pool_buff_val_69_V_s_fu_336  |     9|          2|    8|         16|
    |pool_buff_val_70_V_s_fu_340  |     9|          2|    8|         16|
    |pool_buff_val_71_V_s_fu_344  |     9|          2|    8|         16|
    |pool_buff_val_72_V_s_fu_348  |     9|          2|    8|         16|
    |pool_buff_val_73_V_s_fu_352  |     9|          2|    8|         16|
    |pool_buff_val_74_V_s_fu_356  |     9|          2|    8|         16|
    |pool_buff_val_75_V_s_fu_360  |     9|          2|    8|         16|
    |pool_buff_val_76_V_s_fu_364  |     9|          2|    8|         16|
    |pool_buff_val_77_V_s_fu_368  |     9|          2|    8|         16|
    |pool_buff_val_78_V_s_fu_372  |     9|          2|    8|         16|
    |pool_buff_val_79_V_s_fu_376  |     9|          2|    8|         16|
    |pool_buff_val_80_V_s_fu_380  |     9|          2|    8|         16|
    |pool_buff_val_81_V_s_fu_384  |     9|          2|    8|         16|
    |pool_buff_val_82_V_s_fu_388  |     9|          2|    8|         16|
    |pool_buff_val_83_V_s_fu_392  |     9|          2|    8|         16|
    |pool_buff_val_84_V_s_fu_396  |     9|          2|    8|         16|
    |pool_buff_val_85_V_s_fu_400  |     9|          2|    8|         16|
    |pool_buff_val_86_V_s_fu_404  |     9|          2|    8|         16|
    |pool_buff_val_87_V_s_fu_408  |     9|          2|    8|         16|
    |pool_buff_val_88_V_s_fu_412  |     9|          2|    8|         16|
    |pool_buff_val_89_V_s_fu_416  |     9|          2|    8|         16|
    |pool_buff_val_90_V_s_fu_420  |     9|          2|    8|         16|
    |pool_buff_val_91_V_s_fu_424  |     9|          2|    8|         16|
    |pool_buff_val_92_V_s_fu_428  |     9|          2|    8|         16|
    |pool_buff_val_93_V_s_fu_432  |     9|          2|    8|         16|
    |pool_buff_val_94_V_s_fu_436  |     9|          2|    8|         16|
    |pool_buff_val_95_V_s_fu_440  |     9|          2|    8|         16|
    |pool_buff_val_96_V_s_fu_444  |     9|          2|    8|         16|
    |pool_buff_val_97_V_s_fu_448  |     9|          2|    8|         16|
    |pool_buff_val_98_V_s_fu_452  |     9|          2|    8|         16|
    |pool_buff_val_99_V_s_fu_456  |     9|          2|    8|         16|
    +-----------------------------+------+-----------+-----+-----------+
    |Total                        |  3161|        914|  400|       2383|
    +-----------------------------+------+-----------+-----+-----------+

    * Register: 
    +--------------------------------+-----+----+-----+-----------+
    |              Name              |  FF | LUT| Bits| Const Bits|
    +--------------------------------+-----+----+-----+-----------+
    |ap_CS_fsm                       |  696|   0|  696|          0|
    |ap_done_reg                     |    1|   0|    1|          0|
    |i_1_reg_5379                    |    4|   0|    4|          0|
    |i_reg_521                       |    4|   0|    4|          0|
    |pool_buff_val_0_V_0_3_reg_5384  |    8|   0|    8|          0|
    |pool_buff_val_0_V_0_4_reg_5768  |    8|   0|    8|          0|
    |pool_buff_val_100_V_fu_460      |    8|   0|    8|          0|
    |pool_buff_val_101_V_fu_464      |    8|   0|    8|          0|
    |pool_buff_val_102_V_fu_468      |    8|   0|    8|          0|
    |pool_buff_val_103_V_fu_472      |    8|   0|    8|          0|
    |pool_buff_val_104_V_fu_476      |    8|   0|    8|          0|
    |pool_buff_val_105_V_fu_480      |    8|   0|    8|          0|
    |pool_buff_val_106_V_fu_484      |    8|   0|    8|          0|
    |pool_buff_val_107_V_fu_488      |    8|   0|    8|          0|
    |pool_buff_val_108_V_fu_492      |    8|   0|    8|          0|
    |pool_buff_val_109_V_fu_496      |    8|   0|    8|          0|
    |pool_buff_val_10_V_4_reg_5444   |    8|   0|    8|          0|
    |pool_buff_val_10_V_5_reg_5828   |    8|   0|    8|          0|
    |pool_buff_val_110_V_fu_500      |    8|   0|    8|          0|
    |pool_buff_val_111_V_fu_504      |    8|   0|    8|          0|
    |pool_buff_val_11_V_4_reg_5450   |    8|   0|    8|          0|
    |pool_buff_val_11_V_5_reg_5834   |    8|   0|    8|          0|
    |pool_buff_val_12_V_4_reg_5456   |    8|   0|    8|          0|
    |pool_buff_val_12_V_5_reg_5840   |    8|   0|    8|          0|
    |pool_buff_val_13_V_4_reg_5462   |    8|   0|    8|          0|
    |pool_buff_val_13_V_5_reg_5846   |    8|   0|    8|          0|
    |pool_buff_val_14_V_4_reg_5468   |    8|   0|    8|          0|
    |pool_buff_val_14_V_5_reg_5852   |    8|   0|    8|          0|
    |pool_buff_val_15_V_4_reg_5474   |    8|   0|    8|          0|
    |pool_buff_val_15_V_5_reg_5858   |    8|   0|    8|          0|
    |pool_buff_val_16_V_4_reg_5480   |    8|   0|    8|          0|
    |pool_buff_val_16_V_5_reg_5864   |    8|   0|    8|          0|
    |pool_buff_val_17_V_4_reg_5486   |    8|   0|    8|          0|
    |pool_buff_val_17_V_5_reg_5870   |    8|   0|    8|          0|
    |pool_buff_val_18_V_4_reg_5492   |    8|   0|    8|          0|
    |pool_buff_val_18_V_5_reg_5876   |    8|   0|    8|          0|
    |pool_buff_val_19_V_4_reg_5498   |    8|   0|    8|          0|
    |pool_buff_val_19_V_5_reg_5882   |    8|   0|    8|          0|
    |pool_buff_val_1_V_0_4_reg_5390  |    8|   0|    8|          0|
    |pool_buff_val_1_V_0_5_reg_5774  |    8|   0|    8|          0|
    |pool_buff_val_20_V_4_reg_5504   |    8|   0|    8|          0|
    |pool_buff_val_20_V_5_reg_5888   |    8|   0|    8|          0|
    |pool_buff_val_21_V_4_reg_5510   |    8|   0|    8|          0|
    |pool_buff_val_21_V_5_reg_5894   |    8|   0|    8|          0|
    |pool_buff_val_22_V_4_reg_5516   |    8|   0|    8|          0|
    |pool_buff_val_22_V_5_reg_5900   |    8|   0|    8|          0|
    |pool_buff_val_23_V_4_reg_5522   |    8|   0|    8|          0|
    |pool_buff_val_23_V_5_reg_5906   |    8|   0|    8|          0|
    |pool_buff_val_24_V_4_reg_5528   |    8|   0|    8|          0|
    |pool_buff_val_24_V_5_reg_5912   |    8|   0|    8|          0|
    |pool_buff_val_25_V_4_reg_5534   |    8|   0|    8|          0|
    |pool_buff_val_25_V_5_reg_5918   |    8|   0|    8|          0|
    |pool_buff_val_26_V_4_reg_5540   |    8|   0|    8|          0|
    |pool_buff_val_26_V_5_reg_5924   |    8|   0|    8|          0|
    |pool_buff_val_27_V_4_reg_5546   |    8|   0|    8|          0|
    |pool_buff_val_27_V_5_reg_5930   |    8|   0|    8|          0|
    |pool_buff_val_28_V_4_reg_5552   |    8|   0|    8|          0|
    |pool_buff_val_28_V_5_reg_5936   |    8|   0|    8|          0|
    |pool_buff_val_29_V_4_reg_5558   |    8|   0|    8|          0|
    |pool_buff_val_29_V_5_reg_5942   |    8|   0|    8|          0|
    |pool_buff_val_2_V_0_4_reg_5396  |    8|   0|    8|          0|
    |pool_buff_val_2_V_0_5_reg_5780  |    8|   0|    8|          0|
    |pool_buff_val_30_V_4_reg_5564   |    8|   0|    8|          0|
    |pool_buff_val_30_V_5_reg_5948   |    8|   0|    8|          0|
    |pool_buff_val_31_V_4_reg_5570   |    8|   0|    8|          0|
    |pool_buff_val_31_V_5_reg_5954   |    8|   0|    8|          0|
    |pool_buff_val_32_V_4_reg_5576   |    8|   0|    8|          0|
    |pool_buff_val_32_V_5_reg_5960   |    8|   0|    8|          0|
    |pool_buff_val_33_V_4_reg_5582   |    8|   0|    8|          0|
    |pool_buff_val_33_V_5_reg_5966   |    8|   0|    8|          0|
    |pool_buff_val_34_V_4_reg_5588   |    8|   0|    8|          0|
    |pool_buff_val_34_V_5_reg_5972   |    8|   0|    8|          0|
    |pool_buff_val_35_V_4_reg_5594   |    8|   0|    8|          0|
    |pool_buff_val_35_V_5_reg_5978   |    8|   0|    8|          0|
    |pool_buff_val_36_V_4_reg_5600   |    8|   0|    8|          0|
    |pool_buff_val_36_V_5_reg_5984   |    8|   0|    8|          0|
    |pool_buff_val_37_V_4_reg_5606   |    8|   0|    8|          0|
    |pool_buff_val_37_V_5_reg_5990   |    8|   0|    8|          0|
    |pool_buff_val_38_V_4_reg_5612   |    8|   0|    8|          0|
    |pool_buff_val_38_V_5_reg_5996   |    8|   0|    8|          0|
    |pool_buff_val_39_V_4_reg_5618   |    8|   0|    8|          0|
    |pool_buff_val_39_V_5_reg_6002   |    8|   0|    8|          0|
    |pool_buff_val_3_V_0_4_reg_5402  |    8|   0|    8|          0|
    |pool_buff_val_3_V_0_5_reg_5786  |    8|   0|    8|          0|
    |pool_buff_val_40_V_4_reg_5624   |    8|   0|    8|          0|
    |pool_buff_val_40_V_5_reg_6008   |    8|   0|    8|          0|
    |pool_buff_val_41_V_4_reg_5630   |    8|   0|    8|          0|
    |pool_buff_val_41_V_5_reg_6014   |    8|   0|    8|          0|
    |pool_buff_val_42_V_4_reg_5636   |    8|   0|    8|          0|
    |pool_buff_val_42_V_5_reg_6020   |    8|   0|    8|          0|
    |pool_buff_val_43_V_4_reg_5642   |    8|   0|    8|          0|
    |pool_buff_val_43_V_5_reg_6026   |    8|   0|    8|          0|
    |pool_buff_val_44_V_4_reg_5648   |    8|   0|    8|          0|
    |pool_buff_val_44_V_5_reg_6032   |    8|   0|    8|          0|
    |pool_buff_val_45_V_4_reg_5654   |    8|   0|    8|          0|
    |pool_buff_val_45_V_5_reg_6038   |    8|   0|    8|          0|
    |pool_buff_val_46_V_4_reg_5660   |    8|   0|    8|          0|
    |pool_buff_val_46_V_5_reg_6044   |    8|   0|    8|          0|
    |pool_buff_val_47_V_4_reg_5666   |    8|   0|    8|          0|
    |pool_buff_val_47_V_5_reg_6050   |    8|   0|    8|          0|
    |pool_buff_val_48_V_4_reg_5672   |    8|   0|    8|          0|
    |pool_buff_val_48_V_5_reg_6056   |    8|   0|    8|          0|
    |pool_buff_val_49_V_4_reg_5678   |    8|   0|    8|          0|
    |pool_buff_val_49_V_5_reg_6062   |    8|   0|    8|          0|
    |pool_buff_val_4_V_0_4_reg_5408  |    8|   0|    8|          0|
    |pool_buff_val_4_V_0_5_reg_5792  |    8|   0|    8|          0|
    |pool_buff_val_50_V_4_reg_5684   |    8|   0|    8|          0|
    |pool_buff_val_50_V_5_reg_6068   |    8|   0|    8|          0|
    |pool_buff_val_51_V_4_reg_5690   |    8|   0|    8|          0|
    |pool_buff_val_51_V_5_reg_6074   |    8|   0|    8|          0|
    |pool_buff_val_52_V_4_reg_5696   |    8|   0|    8|          0|
    |pool_buff_val_52_V_5_reg_6080   |    8|   0|    8|          0|
    |pool_buff_val_53_V_4_reg_5702   |    8|   0|    8|          0|
    |pool_buff_val_53_V_5_reg_6086   |    8|   0|    8|          0|
    |pool_buff_val_54_V_4_reg_5708   |    8|   0|    8|          0|
    |pool_buff_val_54_V_5_reg_6092   |    8|   0|    8|          0|
    |pool_buff_val_55_V_4_reg_5714   |    8|   0|    8|          0|
    |pool_buff_val_55_V_5_reg_6098   |    8|   0|    8|          0|
    |pool_buff_val_56_V_4_reg_5720   |    8|   0|    8|          0|
    |pool_buff_val_56_V_5_reg_6104   |    8|   0|    8|          0|
    |pool_buff_val_57_V_4_reg_5726   |    8|   0|    8|          0|
    |pool_buff_val_57_V_5_reg_6110   |    8|   0|    8|          0|
    |pool_buff_val_58_V_4_reg_5732   |    8|   0|    8|          0|
    |pool_buff_val_58_V_5_reg_6116   |    8|   0|    8|          0|
    |pool_buff_val_59_V_4_reg_5738   |    8|   0|    8|          0|
    |pool_buff_val_59_V_5_reg_6122   |    8|   0|    8|          0|
    |pool_buff_val_5_V_0_4_reg_5414  |    8|   0|    8|          0|
    |pool_buff_val_5_V_0_5_reg_5798  |    8|   0|    8|          0|
    |pool_buff_val_60_V_4_reg_5744   |    8|   0|    8|          0|
    |pool_buff_val_60_V_5_reg_6128   |    8|   0|    8|          0|
    |pool_buff_val_61_V_4_reg_5750   |    8|   0|    8|          0|
    |pool_buff_val_61_V_5_reg_6134   |    8|   0|    8|          0|
    |pool_buff_val_62_V_4_reg_5756   |    8|   0|    8|          0|
    |pool_buff_val_62_V_5_reg_6140   |    8|   0|    8|          0|
    |pool_buff_val_63_V_4_reg_5762   |    8|   0|    8|          0|
    |pool_buff_val_63_V_5_reg_6146   |    8|   0|    8|          0|
    |pool_buff_val_64_V_s_fu_316     |    8|   0|    8|          0|
    |pool_buff_val_65_V_s_fu_320     |    8|   0|    8|          0|
    |pool_buff_val_66_V_s_fu_324     |    8|   0|    8|          0|
    |pool_buff_val_67_V_s_fu_328     |    8|   0|    8|          0|
    |pool_buff_val_68_V_s_fu_332     |    8|   0|    8|          0|
    |pool_buff_val_69_V_s_fu_336     |    8|   0|    8|          0|
    |pool_buff_val_6_V_0_4_reg_5420  |    8|   0|    8|          0|
    |pool_buff_val_6_V_0_5_reg_5804  |    8|   0|    8|          0|
    |pool_buff_val_70_V_s_fu_340     |    8|   0|    8|          0|
    |pool_buff_val_71_V_s_fu_344     |    8|   0|    8|          0|
    |pool_buff_val_72_V_s_fu_348     |    8|   0|    8|          0|
    |pool_buff_val_73_V_s_fu_352     |    8|   0|    8|          0|
    |pool_buff_val_74_V_s_fu_356     |    8|   0|    8|          0|
    |pool_buff_val_75_V_s_fu_360     |    8|   0|    8|          0|
    |pool_buff_val_76_V_s_fu_364     |    8|   0|    8|          0|
    |pool_buff_val_77_V_s_fu_368     |    8|   0|    8|          0|
    |pool_buff_val_78_V_s_fu_372     |    8|   0|    8|          0|
    |pool_buff_val_79_V_s_fu_376     |    8|   0|    8|          0|
    |pool_buff_val_7_V_0_4_reg_5426  |    8|   0|    8|          0|
    |pool_buff_val_7_V_0_5_reg_5810  |    8|   0|    8|          0|
    |pool_buff_val_80_V_s_fu_380     |    8|   0|    8|          0|
    |pool_buff_val_81_V_s_fu_384     |    8|   0|    8|          0|
    |pool_buff_val_82_V_s_fu_388     |    8|   0|    8|          0|
    |pool_buff_val_83_V_s_fu_392     |    8|   0|    8|          0|
    |pool_buff_val_84_V_s_fu_396     |    8|   0|    8|          0|
    |pool_buff_val_85_V_s_fu_400     |    8|   0|    8|          0|
    |pool_buff_val_86_V_s_fu_404     |    8|   0|    8|          0|
    |pool_buff_val_87_V_s_fu_408     |    8|   0|    8|          0|
    |pool_buff_val_88_V_s_fu_412     |    8|   0|    8|          0|
    |pool_buff_val_89_V_s_fu_416     |    8|   0|    8|          0|
    |pool_buff_val_8_V_0_4_reg_5432  |    8|   0|    8|          0|
    |pool_buff_val_8_V_0_5_reg_5816  |    8|   0|    8|          0|
    |pool_buff_val_90_V_s_fu_420     |    8|   0|    8|          0|
    |pool_buff_val_91_V_s_fu_424     |    8|   0|    8|          0|
    |pool_buff_val_92_V_s_fu_428     |    8|   0|    8|          0|
    |pool_buff_val_93_V_s_fu_432     |    8|   0|    8|          0|
    |pool_buff_val_94_V_s_fu_436     |    8|   0|    8|          0|
    |pool_buff_val_95_V_s_fu_440     |    8|   0|    8|          0|
    |pool_buff_val_96_V_s_fu_444     |    8|   0|    8|          0|
    |pool_buff_val_97_V_s_fu_448     |    8|   0|    8|          0|
    |pool_buff_val_98_V_s_fu_452     |    8|   0|    8|          0|
    |pool_buff_val_99_V_s_fu_456     |    8|   0|    8|          0|
    |pool_buff_val_9_V_0_4_reg_5438  |    8|   0|    8|          0|
    |pool_buff_val_9_V_0_5_reg_5822  |    8|   0|    8|          0|
    |reg_532                         |    8|   0|    8|          0|
    |reg_536                         |    8|   0|    8|          0|
    |reg_540                         |    8|   0|    8|          0|
    |reg_544                         |    8|   0|    8|          0|
    |reg_548                         |    8|   0|    8|          0|
    |reg_552                         |    8|   0|    8|          0|
    |reg_556                         |    8|   0|    8|          0|
    |reg_560                         |    8|   0|    8|          0|
    +--------------------------------+-----+----+-----+-----------+
    |Total                           | 2177|   0| 2177|          0|
    +--------------------------------+-----+----+-----+-----------+



================================================================
== Interface
================================================================
* Summary: 
+----------------+-----+-----+------------+--------------+--------------+
|    RTL Ports   | Dir | Bits|  Protocol  | Source Object|    C Type    |
+----------------+-----+-----+------------+--------------+--------------+
|ap_clk          |  in |    1| ap_ctrl_hs |  pool_layer1 | return value |
|ap_rst          |  in |    1| ap_ctrl_hs |  pool_layer1 | return value |
|ap_start        |  in |    1| ap_ctrl_hs |  pool_layer1 | return value |
|ap_done         | out |    1| ap_ctrl_hs |  pool_layer1 | return value |
|ap_continue     |  in |    1| ap_ctrl_hs |  pool_layer1 | return value |
|ap_idle         | out |    1| ap_ctrl_hs |  pool_layer1 | return value |
|ap_ready        | out |    1| ap_ctrl_hs |  pool_layer1 | return value |
|out_V_V_din     | out |    8|   ap_fifo  |    out_V_V   |    pointer   |
|out_V_V_full_n  |  in |    1|   ap_fifo  |    out_V_V   |    pointer   |
|out_V_V_write   | out |    1|   ap_fifo  |    out_V_V   |    pointer   |
|in_V_V_dout     |  in |    8|   ap_fifo  |    in_V_V    |    pointer   |
|in_V_V_empty_n  |  in |    1|   ap_fifo  |    in_V_V    |    pointer   |
|in_V_V_read     | out |    1|   ap_fifo  |    in_V_V    |    pointer   |
+----------------+-----+-----+------------+--------------+--------------+

